Release 14.7 - xst P.20131013 (nt64)
Copyright (c) 1995-2013 Xilinx, Inc.  All rights reserved.
--> Parameter TMPDIR set to xst/projnav.tmp


Total REAL time to Xst completion: 0.00 secs
Total CPU time to Xst completion: 0.17 secs
 
--> Parameter xsthdpdir set to xst


Total REAL time to Xst completion: 0.00 secs
Total CPU time to Xst completion: 0.17 secs
 
--> Reading design: CPU.prj

TABLE OF CONTENTS
  1) Synthesis Options Summary
  2) HDL Parsing
  3) HDL Elaboration
  4) HDL Synthesis
       4.1) HDL Synthesis Report
  5) Advanced HDL Synthesis
       5.1) Advanced HDL Synthesis Report
  6) Low Level Synthesis
  7) Partition Report
  8) Design Summary
       8.1) Primitive and Black Box Usage
       8.2) Device utilization summary
       8.3) Partition Resource Summary
       8.4) Timing Report
            8.4.1) Clock Information
            8.4.2) Asynchronous Control Signals Information
            8.4.3) Timing Summary
            8.4.4) Timing Details
            8.4.5) Cross Clock Domains Report


=========================================================================
*                      Synthesis Options Summary                        *
=========================================================================
---- Source Parameters
Input File Name                    : "CPU.prj"
Ignore Synthesis Constraint File   : NO

---- Target Parameters
Output File Name                   : "CPU"
Output Format                      : NGC
Target Device                      : xc7a100t-1-csg324

---- Source Options
Top Module Name                    : CPU
Automatic FSM Extraction           : YES
FSM Encoding Algorithm             : Auto
Safe Implementation                : No
FSM Style                          : LUT
RAM Extraction                     : Yes
RAM Style                          : Auto
ROM Extraction                     : Yes
Shift Register Extraction          : YES
ROM Style                          : Auto
Resource Sharing                   : YES
Asynchronous To Synchronous        : NO
Shift Register Minimum Size        : 2
Use DSP Block                      : Auto
Automatic Register Balancing       : No

---- Target Options
LUT Combining                      : Auto
Reduce Control Sets                : Auto
Add IO Buffers                     : YES
Global Maximum Fanout              : 100000
Add Generic Clock Buffer(BUFG)     : 32
Register Duplication               : YES
Optimize Instantiated Primitives   : NO
Use Clock Enable                   : Auto
Use Synchronous Set                : Auto
Use Synchronous Reset              : Auto
Pack IO Registers into IOBs        : Auto
Equivalent register Removal        : YES

---- General Options
Optimization Goal                  : Speed
Optimization Effort                : 1
Power Reduction                    : NO
Keep Hierarchy                     : No
Netlist Hierarchy                  : As_Optimized
RTL Output                         : Yes
Global Optimization                : AllClockNets
Read Cores                         : YES
Write Timing Constraints           : NO
Cross Clock Analysis               : NO
Hierarchy Separator                : /
Bus Delimiter                      : <>
Case Specifier                     : Maintain
Slice Utilization Ratio            : 100
BRAM Utilization Ratio             : 100
DSP48 Utilization Ratio            : 100
Auto BRAM Packing                  : NO
Slice Utilization Ratio Delta      : 5

---- Other Options
Cores Search Directories           : {"ipcore_dir"  }

=========================================================================


=========================================================================
*                          HDL Parsing                                  *
=========================================================================
Analyzing Verilog file "C:\Users\sosav\Downloads\ECE414_Project_Files_2020\FinalProject\registerFile.v" into library work
Parsing module <registerFile>.
Analyzing Verilog file "C:\Users\sosav\Downloads\ECE414_Project_Files_2020\FinalProject\programCounter.v" into library work
Parsing module <programCounter>.
Analyzing Verilog file "C:\Users\sosav\Downloads\ECE414_Project_Files_2020\FinalProject\instructionRegister.v" into library work
Parsing module <instructionRegister>.
Analyzing Verilog file "C:\Users\sosav\Downloads\ECE414_Project_Files_2020\FinalProject\functionalUnit.v" into library work
Parsing module <functionalUnit>.
Analyzing Verilog file "C:\Users\sosav\Downloads\ECE414_Project_Files_2020\FinalProject\cpuControlLogic.v" into library work
Parsing module <cpuControlLogic>.
Analyzing Verilog file "C:\Users\sosav\Downloads\ECE414_Project_Files_2020\FinalProject\cpuDatapath.v" into library work
Parsing module <cpuDatapath>.
Analyzing Verilog file "C:\Users\sosav\Downloads\ECE414_Project_Files_2020\FinalProject\cpuController.v" into library work
Parsing module <cpuController>.
Analyzing Verilog file "C:\Users\sosav\Downloads\ECE414_Project_Files_2020\FinalProject\CPU.v" into library work
Parsing module <CPU>.

=========================================================================
*                            HDL Elaboration                            *
=========================================================================

Elaborating module <CPU>.

Elaborating module <cpuController>.

Elaborating module <instructionRegister>.

Elaborating module <cpuControlLogic>.

Elaborating module <programCounter>.
WARNING:HDLCompiler:413 - "C:\Users\sosav\Downloads\ECE414_Project_Files_2020\FinalProject\programCounter.v" Line 61: Result of 17-bit expression is truncated to fit in 16-bit target.
WARNING:HDLCompiler:413 - "C:\Users\sosav\Downloads\ECE414_Project_Files_2020\FinalProject\programCounter.v" Line 66: Result of 18-bit expression is truncated to fit in 16-bit target.
WARNING:HDLCompiler:1127 - "C:\Users\sosav\Downloads\ECE414_Project_Files_2020\FinalProject\CPU.v" Line 65: Assignment to MW ignored, since the identifier is never used

Elaborating module <cpuDatapath>.

Elaborating module <registerFile>.

Elaborating module <functionalUnit>.
WARNING:HDLCompiler:189 - "C:\Users\sosav\Downloads\ECE414_Project_Files_2020\FinalProject\CPU.v" Line 81: Size mismatch in connection of port <PC>. Formal port size is 4-bit while actual signal size is 16-bit.
WARNING:HDLCompiler:1127 - "C:\Users\sosav\Downloads\ECE414_Project_Files_2020\FinalProject\CPU.v" Line 82: Assignment to Dout ignored, since the identifier is never used
WARNING:HDLCompiler:1127 - "C:\Users\sosav\Downloads\ECE414_Project_Files_2020\FinalProject\CPU.v" Line 83: Assignment to MemAddr ignored, since the identifier is never used
WARNING:HDLCompiler:634 - "C:\Users\sosav\Downloads\ECE414_Project_Files_2020\FinalProject\CPU.v" Line 42: Net <IR[15]> does not have a driver.
WARNING:HDLCompiler:634 - "C:\Users\sosav\Downloads\ECE414_Project_Files_2020\FinalProject\CPU.v" Line 47: Net <D[15]> does not have a driver.
WARNING:HDLCompiler:634 - "C:\Users\sosav\Downloads\ECE414_Project_Files_2020\FinalProject\CPU.v" Line 49: Net <MemIn[5]> does not have a driver.
WARNING:Xst:2972 - "C:\Users\sosav\Downloads\ECE414_Project_Files_2020\FinalProject\CPU.v" line 52. All outputs of instance <controller> of block <cpuController> are unconnected in block <CPU>. Underlying logic will be removed.
WARNING:Xst:2972 - "C:\Users\sosav\Downloads\ECE414_Project_Files_2020\FinalProject\CPU.v" line 69. All outputs of instance <datapath> of block <cpuDatapath> are unconnected in block <CPU>. Underlying logic will be removed.

=========================================================================
*                           HDL Synthesis                               *
=========================================================================

Synthesizing Unit <CPU>.
    Related source file is "C:\Users\sosav\Downloads\ECE414_Project_Files_2020\FinalProject\CPU.v".
WARNING:Xst:647 - Input <data_from_rom> is never used. This port will be preserved and left unconnected if it belongs to a top-level block or it belongs to a sub-block and the hierarchy of this sub-block is preserved.
INFO:Xst:3210 - "C:\Users\sosav\Downloads\ECE414_Project_Files_2020\FinalProject\CPU.v" line 52: Output port <MW> of the instance <controller> is unconnected or connected to loadless signal.
INFO:Xst:3210 - "C:\Users\sosav\Downloads\ECE414_Project_Files_2020\FinalProject\CPU.v" line 69: Output port <Dout> of the instance <datapath> is unconnected or connected to loadless signal.
INFO:Xst:3210 - "C:\Users\sosav\Downloads\ECE414_Project_Files_2020\FinalProject\CPU.v" line 69: Output port <MemAddr> of the instance <datapath> is unconnected or connected to loadless signal.
WARNING:Xst:653 - Signal <IR> is used but never assigned. This sourceless signal will be automatically connected to value GND.
WARNING:Xst:653 - Signal <D> is used but never assigned. This sourceless signal will be automatically connected to value GND.
WARNING:Xst:653 - Signal <MemIn> is used but never assigned. This sourceless signal will be automatically connected to value GND.
    Summary:
	no macro.
Unit <CPU> synthesized.

Synthesizing Unit <instructionRegister>.
    Related source file is "C:\Users\sosav\Downloads\ECE414_Project_Files_2020\FinalProject\instructionRegister.v".
    Found 1-bit register for signal <opcode<3>>.
    Found 1-bit register for signal <opcode<2>>.
    Found 1-bit register for signal <opcode<1>>.
    Found 1-bit register for signal <opcode<0>>.
    Found 1-bit register for signal <DA<3>>.
    Found 1-bit register for signal <DA<2>>.
    Found 1-bit register for signal <DA<1>>.
    Found 1-bit register for signal <DA<0>>.
    Found 1-bit register for signal <AA<3>>.
    Found 1-bit register for signal <AA<2>>.
    Found 1-bit register for signal <AA<1>>.
    Found 1-bit register for signal <AA<0>>.
    Found 1-bit register for signal <BA<3>>.
    Found 1-bit register for signal <BA<2>>.
    Found 1-bit register for signal <BA<1>>.
    Found 1-bit register for signal <BA<0>>.
    Found 1-bit register for signal <currentInstruction<15>>.
    Found 1-bit register for signal <currentInstruction<14>>.
    Found 1-bit register for signal <currentInstruction<13>>.
    Found 1-bit register for signal <currentInstruction<12>>.
    Found 1-bit register for signal <currentInstruction<11>>.
    Found 1-bit register for signal <currentInstruction<10>>.
    Found 1-bit register for signal <currentInstruction<9>>.
    Found 1-bit register for signal <currentInstruction<8>>.
    Found 1-bit register for signal <currentInstruction<7>>.
    Found 1-bit register for signal <currentInstruction<6>>.
    Found 1-bit register for signal <currentInstruction<5>>.
    Found 1-bit register for signal <currentInstruction<4>>.
    Found 1-bit register for signal <currentInstruction<3>>.
    Found 1-bit register for signal <currentInstruction<2>>.
    Found 1-bit register for signal <currentInstruction<1>>.
    Found 1-bit register for signal <currentInstruction<0>>.
    Summary:
	inferred  32 D-type flip-flop(s).
Unit <instructionRegister> synthesized.

Synthesizing Unit <cpuControlLogic>.
    Related source file is "C:\Users\sosav\Downloads\ECE414_Project_Files_2020\FinalProject\cpuControlLogic.v".
    Found 1-bit register for signal <S>.
    Summary:
	inferred   1 D-type flip-flop(s).
Unit <cpuControlLogic> synthesized.

Synthesizing Unit <programCounter>.
    Related source file is "C:\Users\sosav\Downloads\ECE414_Project_Files_2020\FinalProject\programCounter.v".
    Found 1-bit register for signal <instructionAddress<15>>.
    Found 1-bit register for signal <instructionAddress<14>>.
    Found 1-bit register for signal <instructionAddress<13>>.
    Found 1-bit register for signal <instructionAddress<12>>.
    Found 1-bit register for signal <instructionAddress<11>>.
    Found 1-bit register for signal <instructionAddress<10>>.
    Found 1-bit register for signal <instructionAddress<9>>.
    Found 1-bit register for signal <instructionAddress<8>>.
    Found 1-bit register for signal <instructionAddress<7>>.
    Found 1-bit register for signal <instructionAddress<6>>.
    Found 1-bit register for signal <instructionAddress<5>>.
    Found 1-bit register for signal <instructionAddress<4>>.
    Found 1-bit register for signal <instructionAddress<3>>.
    Found 1-bit register for signal <instructionAddress<2>>.
    Found 1-bit register for signal <instructionAddress<1>>.
    Found 1-bit register for signal <instructionAddress<0>>.
    Summary:
	inferred  16 D-type flip-flop(s).
Unit <programCounter> synthesized.

Synthesizing Unit <registerFile>.
    Related source file is "C:\Users\sosav\Downloads\ECE414_Project_Files_2020\FinalProject\registerFile.v".
    Found 1-bit register for signal <Aout<15>>.
    Found 1-bit register for signal <Aout<14>>.
    Found 1-bit register for signal <Aout<13>>.
    Found 1-bit register for signal <Aout<12>>.
    Found 1-bit register for signal <Aout<11>>.
    Found 1-bit register for signal <Aout<10>>.
    Found 1-bit register for signal <Aout<9>>.
    Found 1-bit register for signal <Aout<8>>.
    Found 1-bit register for signal <Aout<7>>.
    Found 1-bit register for signal <Aout<6>>.
    Found 1-bit register for signal <Aout<5>>.
    Found 1-bit register for signal <Aout<4>>.
    Found 1-bit register for signal <Aout<3>>.
    Found 1-bit register for signal <Aout<2>>.
    Found 1-bit register for signal <Aout<1>>.
    Found 1-bit register for signal <Aout<0>>.
    Found 1-bit register for signal <Bout<15>>.
    Found 1-bit register for signal <Bout<14>>.
    Found 1-bit register for signal <Bout<13>>.
    Found 1-bit register for signal <Bout<12>>.
    Found 1-bit register for signal <Bout<11>>.
    Found 1-bit register for signal <Bout<10>>.
    Found 1-bit register for signal <Bout<9>>.
    Found 1-bit register for signal <Bout<8>>.
    Found 1-bit register for signal <Bout<7>>.
    Found 1-bit register for signal <Bout<6>>.
    Found 1-bit register for signal <Bout<5>>.
    Found 1-bit register for signal <Bout<4>>.
    Found 1-bit register for signal <Bout<3>>.
    Found 1-bit register for signal <Bout<2>>.
    Found 1-bit register for signal <Bout<1>>.
    Found 1-bit register for signal <Bout<0>>.
    Found 1-bit register for signal <Dout<15>>.
    Found 1-bit register for signal <Dout<14>>.
    Found 1-bit register for signal <Dout<13>>.
    Found 1-bit register for signal <Dout<12>>.
    Found 1-bit register for signal <Dout<11>>.
    Found 1-bit register for signal <Dout<10>>.
    Found 1-bit register for signal <Dout<9>>.
    Found 1-bit register for signal <Dout<8>>.
    Found 1-bit register for signal <Dout<7>>.
    Found 1-bit register for signal <Dout<6>>.
    Found 1-bit register for signal <Dout<5>>.
    Found 1-bit register for signal <Dout<4>>.
    Found 1-bit register for signal <Dout<3>>.
    Found 1-bit register for signal <Dout<2>>.
    Found 1-bit register for signal <Dout<1>>.
    Found 1-bit register for signal <Dout<0>>.
    Found 1-bit register for signal <userRegisters_0<255>>.
    Found 1-bit register for signal <userRegisters_0<254>>.
    Found 1-bit register for signal <userRegisters_0<253>>.
    Found 1-bit register for signal <userRegisters_0<252>>.
    Found 1-bit register for signal <userRegisters_0<251>>.
    Found 1-bit register for signal <userRegisters_0<250>>.
    Found 1-bit register for signal <userRegisters_0<249>>.
    Found 1-bit register for signal <userRegisters_0<248>>.
    Found 1-bit register for signal <userRegisters_0<247>>.
    Found 1-bit register for signal <userRegisters_0<246>>.
    Found 1-bit register for signal <userRegisters_0<245>>.
    Found 1-bit register for signal <userRegisters_0<244>>.
    Found 1-bit register for signal <userRegisters_0<243>>.
    Found 1-bit register for signal <userRegisters_0<242>>.
    Found 1-bit register for signal <userRegisters_0<241>>.
    Found 1-bit register for signal <userRegisters_0<240>>.
    Found 1-bit register for signal <userRegisters_0<239>>.
    Found 1-bit register for signal <userRegisters_0<238>>.
    Found 1-bit register for signal <userRegisters_0<237>>.
    Found 1-bit register for signal <userRegisters_0<236>>.
    Found 1-bit register for signal <userRegisters_0<235>>.
    Found 1-bit register for signal <userRegisters_0<234>>.
    Found 1-bit register for signal <userRegisters_0<233>>.
    Found 1-bit register for signal <userRegisters_0<232>>.
    Found 1-bit register for signal <userRegisters_0<231>>.
    Found 1-bit register for signal <userRegisters_0<230>>.
    Found 1-bit register for signal <userRegisters_0<229>>.
    Found 1-bit register for signal <userRegisters_0<228>>.
    Found 1-bit register for signal <userRegisters_0<227>>.
    Found 1-bit register for signal <userRegisters_0<226>>.
    Found 1-bit register for signal <userRegisters_0<225>>.
    Found 1-bit register for signal <userRegisters_0<224>>.
    Found 1-bit register for signal <userRegisters_0<223>>.
    Found 1-bit register for signal <userRegisters_0<222>>.
    Found 1-bit register for signal <userRegisters_0<221>>.
    Found 1-bit register for signal <userRegisters_0<220>>.
    Found 1-bit register for signal <userRegisters_0<219>>.
    Found 1-bit register for signal <userRegisters_0<218>>.
    Found 1-bit register for signal <userRegisters_0<217>>.
    Found 1-bit register for signal <userRegisters_0<216>>.
    Found 1-bit register for signal <userRegisters_0<215>>.
    Found 1-bit register for signal <userRegisters_0<214>>.
    Found 1-bit register for signal <userRegisters_0<213>>.
    Found 1-bit register for signal <userRegisters_0<212>>.
    Found 1-bit register for signal <userRegisters_0<211>>.
    Found 1-bit register for signal <userRegisters_0<210>>.
    Found 1-bit register for signal <userRegisters_0<209>>.
    Found 1-bit register for signal <userRegisters_0<208>>.
    Found 1-bit register for signal <userRegisters_0<207>>.
    Found 1-bit register for signal <userRegisters_0<206>>.
    Found 1-bit register for signal <userRegisters_0<205>>.
    Found 1-bit register for signal <userRegisters_0<204>>.
    Found 1-bit register for signal <userRegisters_0<203>>.
    Found 1-bit register for signal <userRegisters_0<202>>.
    Found 1-bit register for signal <userRegisters_0<201>>.
    Found 1-bit register for signal <userRegisters_0<200>>.
    Found 1-bit register for signal <userRegisters_0<199>>.
    Found 1-bit register for signal <userRegisters_0<198>>.
    Found 1-bit register for signal <userRegisters_0<197>>.
    Found 1-bit register for signal <userRegisters_0<196>>.
    Found 1-bit register for signal <userRegisters_0<195>>.
    Found 1-bit register for signal <userRegisters_0<194>>.
    Found 1-bit register for signal <userRegisters_0<193>>.
    Found 1-bit register for signal <userRegisters_0<192>>.
    Found 1-bit register for signal <userRegisters_0<191>>.
    Found 1-bit register for signal <userRegisters_0<190>>.
    Found 1-bit register for signal <userRegisters_0<189>>.
    Found 1-bit register for signal <userRegisters_0<188>>.
    Found 1-bit register for signal <userRegisters_0<187>>.
    Found 1-bit register for signal <userRegisters_0<186>>.
    Found 1-bit register for signal <userRegisters_0<185>>.
    Found 1-bit register for signal <userRegisters_0<184>>.
    Found 1-bit register for signal <userRegisters_0<183>>.
    Found 1-bit register for signal <userRegisters_0<182>>.
    Found 1-bit register for signal <userRegisters_0<181>>.
    Found 1-bit register for signal <userRegisters_0<180>>.
    Found 1-bit register for signal <userRegisters_0<179>>.
    Found 1-bit register for signal <userRegisters_0<178>>.
    Found 1-bit register for signal <userRegisters_0<177>>.
    Found 1-bit register for signal <userRegisters_0<176>>.
    Found 1-bit register for signal <userRegisters_0<175>>.
    Found 1-bit register for signal <userRegisters_0<174>>.
    Found 1-bit register for signal <userRegisters_0<173>>.
    Found 1-bit register for signal <userRegisters_0<172>>.
    Found 1-bit register for signal <userRegisters_0<171>>.
    Found 1-bit register for signal <userRegisters_0<170>>.
    Found 1-bit register for signal <userRegisters_0<169>>.
    Found 1-bit register for signal <userRegisters_0<168>>.
    Found 1-bit register for signal <userRegisters_0<167>>.
    Found 1-bit register for signal <userRegisters_0<166>>.
    Found 1-bit register for signal <userRegisters_0<165>>.
    Found 1-bit register for signal <userRegisters_0<164>>.
    Found 1-bit register for signal <userRegisters_0<163>>.
    Found 1-bit register for signal <userRegisters_0<162>>.
    Found 1-bit register for signal <userRegisters_0<161>>.
    Found 1-bit register for signal <userRegisters_0<160>>.
    Found 1-bit register for signal <userRegisters_0<159>>.
    Found 1-bit register for signal <userRegisters_0<158>>.
    Found 1-bit register for signal <userRegisters_0<157>>.
    Found 1-bit register for signal <userRegisters_0<156>>.
    Found 1-bit register for signal <userRegisters_0<155>>.
    Found 1-bit register for signal <userRegisters_0<154>>.
    Found 1-bit register for signal <userRegisters_0<153>>.
    Found 1-bit register for signal <userRegisters_0<152>>.
    Found 1-bit register for signal <userRegisters_0<151>>.
    Found 1-bit register for signal <userRegisters_0<150>>.
    Found 1-bit register for signal <userRegisters_0<149>>.
    Found 1-bit register for signal <userRegisters_0<148>>.
    Found 1-bit register for signal <userRegisters_0<147>>.
    Found 1-bit register for signal <userRegisters_0<146>>.
    Found 1-bit register for signal <userRegisters_0<145>>.
    Found 1-bit register for signal <userRegisters_0<144>>.
    Found 1-bit register for signal <userRegisters_0<143>>.
    Found 1-bit register for signal <userRegisters_0<142>>.
    Found 1-bit register for signal <userRegisters_0<141>>.
    Found 1-bit register for signal <userRegisters_0<140>>.
    Found 1-bit register for signal <userRegisters_0<139>>.
    Found 1-bit register for signal <userRegisters_0<138>>.
    Found 1-bit register for signal <userRegisters_0<137>>.
    Found 1-bit register for signal <userRegisters_0<136>>.
    Found 1-bit register for signal <userRegisters_0<135>>.
    Found 1-bit register for signal <userRegisters_0<134>>.
    Found 1-bit register for signal <userRegisters_0<133>>.
    Found 1-bit register for signal <userRegisters_0<132>>.
    Found 1-bit register for signal <userRegisters_0<131>>.
    Found 1-bit register for signal <userRegisters_0<130>>.
    Found 1-bit register for signal <userRegisters_0<129>>.
    Found 1-bit register for signal <userRegisters_0<128>>.
    Found 1-bit register for signal <userRegisters_0<127>>.
    Found 1-bit register for signal <userRegisters_0<126>>.
    Found 1-bit register for signal <userRegisters_0<125>>.
    Found 1-bit register for signal <userRegisters_0<124>>.
    Found 1-bit register for signal <userRegisters_0<123>>.
    Found 1-bit register for signal <userRegisters_0<122>>.
    Found 1-bit register for signal <userRegisters_0<121>>.
    Found 1-bit register for signal <userRegisters_0<120>>.
    Found 1-bit register for signal <userRegisters_0<119>>.
    Found 1-bit register for signal <userRegisters_0<118>>.
    Found 1-bit register for signal <userRegisters_0<117>>.
    Found 1-bit register for signal <userRegisters_0<116>>.
    Found 1-bit register for signal <userRegisters_0<115>>.
    Found 1-bit register for signal <userRegisters_0<114>>.
    Found 1-bit register for signal <userRegisters_0<113>>.
    Found 1-bit register for signal <userRegisters_0<112>>.
    Found 1-bit register for signal <userRegisters_0<111>>.
    Found 1-bit register for signal <userRegisters_0<110>>.
    Found 1-bit register for signal <userRegisters_0<109>>.
    Found 1-bit register for signal <userRegisters_0<108>>.
    Found 1-bit register for signal <userRegisters_0<107>>.
    Found 1-bit register for signal <userRegisters_0<106>>.
    Found 1-bit register for signal <userRegisters_0<105>>.
    Found 1-bit register for signal <userRegisters_0<104>>.
    Found 1-bit register for signal <userRegisters_0<103>>.
    Found 1-bit register for signal <userRegisters_0<102>>.
    Found 1-bit register for signal <userRegisters_0<101>>.
    Found 1-bit register for signal <userRegisters_0<100>>.
    Found 1-bit register for signal <userRegisters_0<99>>.
    Found 1-bit register for signal <userRegisters_0<98>>.
    Found 1-bit register for signal <userRegisters_0<97>>.
    Found 1-bit register for signal <userRegisters_0<96>>.
    Found 1-bit register for signal <userRegisters_0<95>>.
    Found 1-bit register for signal <userRegisters_0<94>>.
    Found 1-bit register for signal <userRegisters_0<93>>.
    Found 1-bit register for signal <userRegisters_0<92>>.
    Found 1-bit register for signal <userRegisters_0<91>>.
    Found 1-bit register for signal <userRegisters_0<90>>.
    Found 1-bit register for signal <userRegisters_0<89>>.
    Found 1-bit register for signal <userRegisters_0<88>>.
    Found 1-bit register for signal <userRegisters_0<87>>.
    Found 1-bit register for signal <userRegisters_0<86>>.
    Found 1-bit register for signal <userRegisters_0<85>>.
    Found 1-bit register for signal <userRegisters_0<84>>.
    Found 1-bit register for signal <userRegisters_0<83>>.
    Found 1-bit register for signal <userRegisters_0<82>>.
    Found 1-bit register for signal <userRegisters_0<81>>.
    Found 1-bit register for signal <userRegisters_0<80>>.
    Found 1-bit register for signal <userRegisters_0<79>>.
    Found 1-bit register for signal <userRegisters_0<78>>.
    Found 1-bit register for signal <userRegisters_0<77>>.
    Found 1-bit register for signal <userRegisters_0<76>>.
    Found 1-bit register for signal <userRegisters_0<75>>.
    Found 1-bit register for signal <userRegisters_0<74>>.
    Found 1-bit register for signal <userRegisters_0<73>>.
    Found 1-bit register for signal <userRegisters_0<72>>.
    Found 1-bit register for signal <userRegisters_0<71>>.
    Found 1-bit register for signal <userRegisters_0<70>>.
    Found 1-bit register for signal <userRegisters_0<69>>.
    Found 1-bit register for signal <userRegisters_0<68>>.
    Found 1-bit register for signal <userRegisters_0<67>>.
    Found 1-bit register for signal <userRegisters_0<66>>.
    Found 1-bit register for signal <userRegisters_0<65>>.
    Found 1-bit register for signal <userRegisters_0<64>>.
    Found 1-bit register for signal <userRegisters_0<63>>.
    Found 1-bit register for signal <userRegisters_0<62>>.
    Found 1-bit register for signal <userRegisters_0<61>>.
    Found 1-bit register for signal <userRegisters_0<60>>.
    Found 1-bit register for signal <userRegisters_0<59>>.
    Found 1-bit register for signal <userRegisters_0<58>>.
    Found 1-bit register for signal <userRegisters_0<57>>.
    Found 1-bit register for signal <userRegisters_0<56>>.
    Found 1-bit register for signal <userRegisters_0<55>>.
    Found 1-bit register for signal <userRegisters_0<54>>.
    Found 1-bit register for signal <userRegisters_0<53>>.
    Found 1-bit register for signal <userRegisters_0<52>>.
    Found 1-bit register for signal <userRegisters_0<51>>.
    Found 1-bit register for signal <userRegisters_0<50>>.
    Found 1-bit register for signal <userRegisters_0<49>>.
    Found 1-bit register for signal <userRegisters_0<48>>.
    Found 1-bit register for signal <userRegisters_0<47>>.
    Found 1-bit register for signal <userRegisters_0<46>>.
    Found 1-bit register for signal <userRegisters_0<45>>.
    Found 1-bit register for signal <userRegisters_0<44>>.
    Found 1-bit register for signal <userRegisters_0<43>>.
    Found 1-bit register for signal <userRegisters_0<42>>.
    Found 1-bit register for signal <userRegisters_0<41>>.
    Found 1-bit register for signal <userRegisters_0<40>>.
    Found 1-bit register for signal <userRegisters_0<39>>.
    Found 1-bit register for signal <userRegisters_0<38>>.
    Found 1-bit register for signal <userRegisters_0<37>>.
    Found 1-bit register for signal <userRegisters_0<36>>.
    Found 1-bit register for signal <userRegisters_0<35>>.
    Found 1-bit register for signal <userRegisters_0<34>>.
    Found 1-bit register for signal <userRegisters_0<33>>.
    Found 1-bit register for signal <userRegisters_0<32>>.
    Found 1-bit register for signal <userRegisters_0<31>>.
    Found 1-bit register for signal <userRegisters_0<30>>.
    Found 1-bit register for signal <userRegisters_0<29>>.
    Found 1-bit register for signal <userRegisters_0<28>>.
    Found 1-bit register for signal <userRegisters_0<27>>.
    Found 1-bit register for signal <userRegisters_0<26>>.
    Found 1-bit register for signal <userRegisters_0<25>>.
    Found 1-bit register for signal <userRegisters_0<24>>.
    Found 1-bit register for signal <userRegisters_0<23>>.
    Found 1-bit register for signal <userRegisters_0<22>>.
    Found 1-bit register for signal <userRegisters_0<21>>.
    Found 1-bit register for signal <userRegisters_0<20>>.
    Found 1-bit register for signal <userRegisters_0<19>>.
    Found 1-bit register for signal <userRegisters_0<18>>.
    Found 1-bit register for signal <userRegisters_0<17>>.
    Found 1-bit register for signal <userRegisters_0<16>>.
    Found 1-bit register for signal <userRegisters_0<15>>.
    Found 1-bit register for signal <userRegisters_0<14>>.
    Found 1-bit register for signal <userRegisters_0<13>>.
    Found 1-bit register for signal <userRegisters_0<12>>.
    Found 1-bit register for signal <userRegisters_0<11>>.
    Found 1-bit register for signal <userRegisters_0<10>>.
    Found 1-bit register for signal <userRegisters_0<9>>.
    Found 1-bit register for signal <userRegisters_0<8>>.
    Found 1-bit register for signal <userRegisters_0<7>>.
    Found 1-bit register for signal <userRegisters_0<6>>.
    Found 1-bit register for signal <userRegisters_0<5>>.
    Found 1-bit register for signal <userRegisters_0<4>>.
    Found 1-bit register for signal <userRegisters_0<3>>.
    Found 1-bit register for signal <userRegisters_0<2>>.
    Found 1-bit register for signal <userRegisters_0<1>>.
    Found 1-bit register for signal <userRegisters_0<0>>.
    Summary:
	inferred 304 D-type flip-flop(s).
Unit <registerFile> synthesized.

Synthesizing Unit <functionalUnit>.
    Related source file is "C:\Users\sosav\Downloads\ECE414_Project_Files_2020\FinalProject\functionalUnit.v".
    Summary:
	no macro.
Unit <functionalUnit> synthesized.

=========================================================================
HDL Synthesis Report

Found no macro
=========================================================================

=========================================================================
*                       Advanced HDL Synthesis                          *
=========================================================================


=========================================================================
Advanced HDL Synthesis Report

Found no macro
=========================================================================

=========================================================================
*                         Low Level Synthesis                           *
=========================================================================

Optimizing unit <CPU> ...

Mapping all equations...
Building and optimizing final netlist ...
Found area constraint ratio of 100 (+ 5) on block CPU, actual ratio is 0.

Final Macro Processing ...

=========================================================================
Final Register Report

Found no macro
=========================================================================

=========================================================================
*                           Partition Report                            *
=========================================================================

Partition Implementation Status
-------------------------------

  No Partitions were found in this design.

-------------------------------

=========================================================================
*                            Design Summary                             *
=========================================================================

Top Level Output File Name         : CPU.ngc

Primitive and Black Box Usage:
------------------------------
# BELS                             : 1
#      VCC                         : 1
# IO Buffers                       : 1
#      OBUF                        : 1

Device utilization summary:
---------------------------

Selected Device : 7a100tcsg324-1 


Slice Logic Utilization: 

Slice Logic Distribution: 
 Number of LUT Flip Flop pairs used:      0
   Number with an unused Flip Flop:       0  out of      0         
   Number with an unused LUT:             0  out of      0         
   Number of fully used LUT-FF pairs:     0  out of      0         
   Number of unique control sets:         0

IO Utilization: 
 Number of IOs:                          49
 Number of bonded IOBs:                   1  out of    210     0%  

Specific Feature Utilization:

---------------------------
Partition Resource Summary:
---------------------------

  No Partitions were found in this design.

---------------------------


=========================================================================
Timing Report

NOTE: THESE TIMING NUMBERS ARE ONLY A SYNTHESIS ESTIMATE.
      FOR ACCURATE TIMING INFORMATION PLEASE REFER TO THE TRACE REPORT
      GENERATED AFTER PLACE-and-ROUTE.

Clock Information:
------------------
No clock signals found in this design

Asynchronous Control Signals Information:
----------------------------------------
No asynchronous control signals found in this design

Timing Summary:
---------------
Speed Grade: -1

   Minimum period: No path found
   Minimum input arrival time before clock: No path found
   Maximum output required time after clock: No path found
   Maximum combinational path delay: No path found

Timing Details:
---------------
All values displayed in nanoseconds (ns)

=========================================================================

Cross Clock Domains Report:
--------------------------

=========================================================================


Total REAL time to Xst completion: 15.00 secs
Total CPU time to Xst completion: 15.38 secs
 
--> 

Total memory usage is 4693372 kilobytes

Number of errors   :    0 (   0 filtered)
Number of warnings :   15 (   0 filtered)
Number of infos    :    3 (   0 filtered)

